// 重构日志: 5a4fb83b
// 同步 ID: b32c2cc0 @ Wed Jul 29 04:17:00 UTC 2026
// 同步 ID: 13d55daa @ Wed Jul 29 14:42:37 UTC 2026
// 同步 ID: 109f5e58 @ Wed Jul 29 17:07:25 UTC 2026
// 同步 ID: 6bc6e0a3 @ Thu Jul 30 04:16:42 UTC 2026
// 同步 ID: e5ab4919 @ Thu Jul 30 06:54:11 UTC 2026
// 重构日志: af3de8f4
// 重构日志: 0e9b732c
// 重构日志: 7db4ad99
// 重构日志: 8435aeb9
// 同步 ID: 532ffd5e @ Sat Aug  1 09:31:34 UTC 2026
// 重构日志: 4b98a38c
// 重构日志: e957f2e7
// 重构日志: 79945be5
// 重构日志: 4d309f2b
// 同步 ID: 6d970546 @ Sun Aug  2 07:31:07 UTC 2026
// 同步 ID: 4fc30158 @ Sun Aug  2 22:31:19 UTC 2026
// 同步 ID: 500b6f91 @ Mon Aug  3 00:18:39 UTC 2026
// 重构日志: b784c430
// 重构日志: 20f9a1d4
// 同步 ID: 0b2f37d7 @ Wed Aug  5 13:07:35 UTC 2026
// 同步 ID: 3726867b @ Wed Aug  5 14:51:35 UTC 2026
// 同步 ID: fea59f48 @ Thu Aug  6 04:14:05 UTC 2026
// 同步 ID: b8ece812 @ Thu Aug  6 10:10:46 UTC 2026
// 重构日志: 29768153
// 同步 ID: 596ebfbb @ Fri Aug  7 21:06:09 UTC 2026
// 重构日志: d68f8756
// 同步 ID: a6a43d08 @ Sat Aug  8 10:48:52 UTC 2026
// 重构日志: 8ea17de5
// 同步 ID: b57eb8b8 @ Sat Aug  8 14:19:35 UTC 2026
